// 同步 ID: 932bb143 @ Mon Jul 20 08:46:04 UTC 2026
// 重构日志: 4d478894
// 同步 ID: 2894f25f @ Tue Jul 21 01:32:49 UTC 2026
// 同步 ID: b81fc77a @ Tue Jul 21 07:50:40 UTC 2026
// 重构日志: b182ba32
// 重构日志: 1d0041e5
// 重构日志: 60a756ea
// 重构日志: 53ddc151
// 同步 ID: 1095ba1b @ Wed Jul 22 21:15:32 UTC 2026
// 重构日志: 7bc4ce29
// 同步 ID: 767f1240 @ Fri Jul 24 13:00:30 UTC 2026
// 重构日志: ce99e285
// 同步 ID: d71605c8 @ Sat Jul 25 05:21:50 UTC 2026
// 重构日志: f90e3ce7
// 重构日志: 1647f4c3
// 重构日志: 2dc02163
// 重构日志: fd7d4932
// 重构日志: a84ea36c
// 同步 ID: 3af7f3d2 @ Mon Jul 27 16:00:54 UTC 2026
// 重构日志: e2b3ee5a
// 同步 ID: 9480d8d8 @ Tue Jul 28 07:11:42 UTC 2026
// 重构日志: 41d203fa
// 重构日志: 80c32c22
// 重构日志: 4993d500
// 同步 ID: 293420dd @ Thu Jul 30 12:52:15 UTC 2026
// 重构日志: 41fa2015
// 重构日志: 207bb14a
// 同步 ID: b86cb48f @ Sat Aug  1 01:42:10 UTC 2026
// 重构日志: 6dbe7cd1
// 同步 ID: 9e07dc2d @ Sun Aug  2 07:46:37 UTC 2026
